

================================================================
== Vitis HLS Report for 'cnn_gesture_top_Pipeline_VITIS_LOOP_77_1_VITIS_LOOP_78_2'
================================================================
* Date:           Mon Feb 23 23:23:35 2026

* Version:        2025.2 (Build 6295257 on Nov 12 2025)
* Project:        cnn_gesture_top
* Solution:       hls (Vivado IP Flow Target)
* Product family: zynquplus
* Target device:  xczu3eg-sbva484-2-i


================================================================
== Performance Estimates
================================================================
+ Timing: 
    * Summary: 
    +--------+----------+----------+------------+
    |  Clock |  Target  | Estimated| Uncertainty|
    +--------+----------+----------+------------+
    |ap_clk  |  10.00 ns|  3.638 ns|     2.70 ns|
    +--------+----------+----------+------------+

+ Latency: 
    * Summary: 
    +---------+---------+-----------+-----------+-----+-----+-------------------+
    |  Latency (cycles) |   Latency (absolute)  |  Interval |      Pipeline     |
    |   min   |   max   |    min    |    max    | min | max |        Type       |
    +---------+---------+-----------+-----------+-----+-----+-------------------+
    |     1602|     1602|  16.020 us|  16.020 us|    0|    0|  loop pipeline stp|
    +---------+---------+-----------+-----------+-----+-----+-------------------+

    + Detail: 
        * Instance: 
        N/A

        * Loop: 
        +-----------------------------------+---------+---------+----------+-----------+-----------+------+----------+
        |                                   |  Latency (cycles) | Iteration|  Initiation Interval  | Trip |          |
        |             Loop Name             |   min   |   max   |  Latency |  achieved |   target  | Count| Pipelined|
        +-----------------------------------+---------+---------+----------+-----------+-----------+------+----------+
        |- VITIS_LOOP_77_1_VITIS_LOOP_78_2  |     1600|     1600|         2|          1|          1|  1600|       yes|
        +-----------------------------------+---------+---------+----------+-----------+-----------+------+----------+



================================================================
== Utilization Estimates
================================================================
* Summary: 
+-----------------+---------+-----+--------+-------+-----+
|       Name      | BRAM_18K| DSP |   FF   |  LUT  | URAM|
+-----------------+---------+-----+--------+-------+-----+
|DSP              |        -|    -|       -|      -|    -|
|Expression       |        -|    -|       0|    148|    -|
|FIFO             |        -|    -|       -|      -|    -|
|Instance         |        -|    -|       -|      -|    -|
|Memory           |        -|    -|       -|      -|    -|
|Multiplexer      |        -|    -|       0|     72|    -|
|Register         |        -|    -|      37|      -|    -|
+-----------------+---------+-----+--------+-------+-----+
|Total            |        0|    0|      37|    220|    0|
+-----------------+---------+-----+--------+-------+-----+
|Available        |      432|  360|  141120|  70560|    0|
+-----------------+---------+-----+--------+-------+-----+
|Utilization (%)  |        0|    0|      ~0|     ~0|    0|
+-----------------+---------+-----+--------+-------+-----+

+ Detail: 
    * Instance: 
    N/A

    * DSP: 
    N/A

    * Memory: 
    N/A

    * FIFO: 
    N/A

    * Expression: 
    +-------------------------+----------+----+---+----+------------+------------+
    |      Variable Name      | Operation| DSP| FF| LUT| Bitwidth P0| Bitwidth P1|
    +-------------------------+----------+----+---+----+------------+------------+
    |add_ln77_1_fu_639_p2     |         +|   0|  0|  18|          11|           1|
    |add_ln77_fu_651_p2       |         +|   0|  0|  13|           6|           1|
    |add_ln78_fu_785_p2       |         +|   0|  0|  13|           6|           1|
    |add_ln80_fu_704_p2       |         +|   0|  0|  19|          12|          12|
    |icmp_ln77_fu_633_p2      |      icmp|   0|  0|  18|          11|          10|
    |icmp_ln78_fu_657_p2      |      icmp|   0|  0|  14|           6|           7|
    |icmp_ln81_fu_841_p2      |      icmp|   0|  0|  23|          16|          16|
    |select_ln77_1_fu_671_p3  |    select|   0|  0|   6|           1|           6|
    |select_ln77_fu_663_p3    |    select|   0|  0|   6|           1|           1|
    |select_ln81_fu_847_p3    |    select|   0|  0|  16|           1|          16|
    |ap_enable_pp0            |       xor|   0|  0|   2|           1|           2|
    +-------------------------+----------+----+---+----+------------+------------+
    |Total                    |          |   0|  0| 148|          72|          73|
    +-------------------------+----------+----+---+----+------------+------------+

    * Multiplexer: 
    +---------------------------------------+----+-----------+-----+-----------+
    |                  Name                 | LUT| Input Size| Bits| Total Bits|
    +---------------------------------------+----+-----------+-----+-----------+
    |ap_done_int                            |   9|          2|    1|          2|
    |ap_enable_reg_pp0_iter1                |   9|          2|    1|          2|
    |ap_sig_allocacmp_f_load                |   9|          2|    6|         12|
    |ap_sig_allocacmp_indvar_flatten7_load  |   9|          2|   11|         22|
    |ap_sig_allocacmp_t_load                |   9|          2|    6|         12|
    |f_fu_162                               |   9|          2|    6|         12|
    |indvar_flatten7_fu_170                 |   9|          2|   11|         22|
    |t_fu_166                               |   9|          2|    6|         12|
    +---------------------------------------+----+-----------+-----+-----------+
    |Total                                  |  72|         16|   48|         96|
    +---------------------------------------+----+-----------+-----+-----------+

    * Register: 
    +-------------------------+----+----+-----+-----------+
    |           Name          | FF | LUT| Bits| Const Bits|
    +-------------------------+----+----+-----+-----------+
    |ap_CS_fsm                |   1|   0|    1|          0|
    |ap_done_reg              |   1|   0|    1|          0|
    |ap_enable_reg_pp0_iter1  |   1|   0|    1|          0|
    |f_fu_162                 |   6|   0|    6|          0|
    |indvar_flatten7_fu_170   |  11|   0|   11|          0|
    |select_ln77_1_reg_911    |   6|   0|    6|          0|
    |t_fu_166                 |   6|   0|    6|          0|
    |trunc_ln78_reg_926       |   5|   0|    5|          0|
    +-------------------------+----+----+-----+-----------+
    |Total                    |  37|   0|   37|          0|
    +-------------------------+----+----+-----+-----------+



================================================================
== Interface
================================================================
* Summary: 
+-----------------------+-----+-----+------------+----------------------------------------------------------+--------------+
|       RTL Ports       | Dir | Bits|  Protocol  |                       Source Object                      |    C Type    |
+-----------------------+-----+-----+------------+----------------------------------------------------------+--------------+
|ap_clk                 |   in|    1|  ap_ctrl_hs|  cnn_gesture_top_Pipeline_VITIS_LOOP_77_1_VITIS_LOOP_78_2|  return value|
|ap_rst                 |   in|    1|  ap_ctrl_hs|  cnn_gesture_top_Pipeline_VITIS_LOOP_77_1_VITIS_LOOP_78_2|  return value|
|ap_start               |   in|    1|  ap_ctrl_hs|  cnn_gesture_top_Pipeline_VITIS_LOOP_77_1_VITIS_LOOP_78_2|  return value|
|ap_done                |  out|    1|  ap_ctrl_hs|  cnn_gesture_top_Pipeline_VITIS_LOOP_77_1_VITIS_LOOP_78_2|  return value|
|ap_idle                |  out|    1|  ap_ctrl_hs|  cnn_gesture_top_Pipeline_VITIS_LOOP_77_1_VITIS_LOOP_78_2|  return value|
|ap_ready               |  out|    1|  ap_ctrl_hs|  cnn_gesture_top_Pipeline_VITIS_LOOP_77_1_VITIS_LOOP_78_2|  return value|
|pool1_out_address0     |  out|    6|   ap_memory|                                                 pool1_out|         array|
|pool1_out_ce0          |  out|    1|   ap_memory|                                                 pool1_out|         array|
|pool1_out_we0          |  out|    1|   ap_memory|                                                 pool1_out|         array|
|pool1_out_d0           |  out|   16|   ap_memory|                                                 pool1_out|         array|
|pool1_out_1_address0   |  out|    6|   ap_memory|                                               pool1_out_1|         array|
|pool1_out_1_ce0        |  out|    1|   ap_memory|                                               pool1_out_1|         array|
|pool1_out_1_we0        |  out|    1|   ap_memory|                                               pool1_out_1|         array|
|pool1_out_1_d0         |  out|   16|   ap_memory|                                               pool1_out_1|         array|
|pool1_out_2_address0   |  out|    6|   ap_memory|                                               pool1_out_2|         array|
|pool1_out_2_ce0        |  out|    1|   ap_memory|                                               pool1_out_2|         array|
|pool1_out_2_we0        |  out|    1|   ap_memory|                                               pool1_out_2|         array|
|pool1_out_2_d0         |  out|   16|   ap_memory|                                               pool1_out_2|         array|
|pool1_out_3_address0   |  out|    6|   ap_memory|                                               pool1_out_3|         array|
|pool1_out_3_ce0        |  out|    1|   ap_memory|                                               pool1_out_3|         array|
|pool1_out_3_we0        |  out|    1|   ap_memory|                                               pool1_out_3|         array|
|pool1_out_3_d0         |  out|   16|   ap_memory|                                               pool1_out_3|         array|
|pool1_out_4_address0   |  out|    6|   ap_memory|                                               pool1_out_4|         array|
|pool1_out_4_ce0        |  out|    1|   ap_memory|                                               pool1_out_4|         array|
|pool1_out_4_we0        |  out|    1|   ap_memory|                                               pool1_out_4|         array|
|pool1_out_4_d0         |  out|   16|   ap_memory|                                               pool1_out_4|         array|
|pool1_out_5_address0   |  out|    6|   ap_memory|                                               pool1_out_5|         array|
|pool1_out_5_ce0        |  out|    1|   ap_memory|                                               pool1_out_5|         array|
|pool1_out_5_we0        |  out|    1|   ap_memory|                                               pool1_out_5|         array|
|pool1_out_5_d0         |  out|   16|   ap_memory|                                               pool1_out_5|         array|
|pool1_out_6_address0   |  out|    6|   ap_memory|                                               pool1_out_6|         array|
|pool1_out_6_ce0        |  out|    1|   ap_memory|                                               pool1_out_6|         array|
|pool1_out_6_we0        |  out|    1|   ap_memory|                                               pool1_out_6|         array|
|pool1_out_6_d0         |  out|   16|   ap_memory|                                               pool1_out_6|         array|
|pool1_out_7_address0   |  out|    6|   ap_memory|                                               pool1_out_7|         array|
|pool1_out_7_ce0        |  out|    1|   ap_memory|                                               pool1_out_7|         array|
|pool1_out_7_we0        |  out|    1|   ap_memory|                                               pool1_out_7|         array|
|pool1_out_7_d0         |  out|   16|   ap_memory|                                               pool1_out_7|         array|
|pool1_out_8_address0   |  out|    6|   ap_memory|                                               pool1_out_8|         array|
|pool1_out_8_ce0        |  out|    1|   ap_memory|                                               pool1_out_8|         array|
|pool1_out_8_we0        |  out|    1|   ap_memory|                                               pool1_out_8|         array|
|pool1_out_8_d0         |  out|   16|   ap_memory|                                               pool1_out_8|         array|
|pool1_out_9_address0   |  out|    6|   ap_memory|                                               pool1_out_9|         array|
|pool1_out_9_ce0        |  out|    1|   ap_memory|                                               pool1_out_9|         array|
|pool1_out_9_we0        |  out|    1|   ap_memory|                                               pool1_out_9|         array|
|pool1_out_9_d0         |  out|   16|   ap_memory|                                               pool1_out_9|         array|
|pool1_out_10_address0  |  out|    6|   ap_memory|                                              pool1_out_10|         array|
|pool1_out_10_ce0       |  out|    1|   ap_memory|                                              pool1_out_10|         array|
|pool1_out_10_we0       |  out|    1|   ap_memory|                                              pool1_out_10|         array|
|pool1_out_10_d0        |  out|   16|   ap_memory|                                              pool1_out_10|         array|
|pool1_out_11_address0  |  out|    6|   ap_memory|                                              pool1_out_11|         array|
|pool1_out_11_ce0       |  out|    1|   ap_memory|                                              pool1_out_11|         array|
|pool1_out_11_we0       |  out|    1|   ap_memory|                                              pool1_out_11|         array|
|pool1_out_11_d0        |  out|   16|   ap_memory|                                              pool1_out_11|         array|
|pool1_out_12_address0  |  out|    6|   ap_memory|                                              pool1_out_12|         array|
|pool1_out_12_ce0       |  out|    1|   ap_memory|                                              pool1_out_12|         array|
|pool1_out_12_we0       |  out|    1|   ap_memory|                                              pool1_out_12|         array|
|pool1_out_12_d0        |  out|   16|   ap_memory|                                              pool1_out_12|         array|
|pool1_out_13_address0  |  out|    6|   ap_memory|                                              pool1_out_13|         array|
|pool1_out_13_ce0       |  out|    1|   ap_memory|                                              pool1_out_13|         array|
|pool1_out_13_we0       |  out|    1|   ap_memory|                                              pool1_out_13|         array|
|pool1_out_13_d0        |  out|   16|   ap_memory|                                              pool1_out_13|         array|
|pool1_out_14_address0  |  out|    6|   ap_memory|                                              pool1_out_14|         array|
|pool1_out_14_ce0       |  out|    1|   ap_memory|                                              pool1_out_14|         array|
|pool1_out_14_we0       |  out|    1|   ap_memory|                                              pool1_out_14|         array|
|pool1_out_14_d0        |  out|   16|   ap_memory|                                              pool1_out_14|         array|
|pool1_out_15_address0  |  out|    6|   ap_memory|                                              pool1_out_15|         array|
|pool1_out_15_ce0       |  out|    1|   ap_memory|                                              pool1_out_15|         array|
|pool1_out_15_we0       |  out|    1|   ap_memory|                                              pool1_out_15|         array|
|pool1_out_15_d0        |  out|   16|   ap_memory|                                              pool1_out_15|         array|
|pool1_out_16_address0  |  out|    6|   ap_memory|                                              pool1_out_16|         array|
|pool1_out_16_ce0       |  out|    1|   ap_memory|                                              pool1_out_16|         array|
|pool1_out_16_we0       |  out|    1|   ap_memory|                                              pool1_out_16|         array|
|pool1_out_16_d0        |  out|   16|   ap_memory|                                              pool1_out_16|         array|
|pool1_out_17_address0  |  out|    6|   ap_memory|                                              pool1_out_17|         array|
|pool1_out_17_ce0       |  out|    1|   ap_memory|                                              pool1_out_17|         array|
|pool1_out_17_we0       |  out|    1|   ap_memory|                                              pool1_out_17|         array|
|pool1_out_17_d0        |  out|   16|   ap_memory|                                              pool1_out_17|         array|
|pool1_out_18_address0  |  out|    6|   ap_memory|                                              pool1_out_18|         array|
|pool1_out_18_ce0       |  out|    1|   ap_memory|                                              pool1_out_18|         array|
|pool1_out_18_we0       |  out|    1|   ap_memory|                                              pool1_out_18|         array|
|pool1_out_18_d0        |  out|   16|   ap_memory|                                              pool1_out_18|         array|
|pool1_out_19_address0  |  out|    6|   ap_memory|                                              pool1_out_19|         array|
|pool1_out_19_ce0       |  out|    1|   ap_memory|                                              pool1_out_19|         array|
|pool1_out_19_we0       |  out|    1|   ap_memory|                                              pool1_out_19|         array|
|pool1_out_19_d0        |  out|   16|   ap_memory|                                              pool1_out_19|         array|
|pool1_out_20_address0  |  out|    6|   ap_memory|                                              pool1_out_20|         array|
|pool1_out_20_ce0       |  out|    1|   ap_memory|                                              pool1_out_20|         array|
|pool1_out_20_we0       |  out|    1|   ap_memory|                                              pool1_out_20|         array|
|pool1_out_20_d0        |  out|   16|   ap_memory|                                              pool1_out_20|         array|
|pool1_out_21_address0  |  out|    6|   ap_memory|                                              pool1_out_21|         array|
|pool1_out_21_ce0       |  out|    1|   ap_memory|                                              pool1_out_21|         array|
|pool1_out_21_we0       |  out|    1|   ap_memory|                                              pool1_out_21|         array|
|pool1_out_21_d0        |  out|   16|   ap_memory|                                              pool1_out_21|         array|
|pool1_out_22_address0  |  out|    6|   ap_memory|                                              pool1_out_22|         array|
|pool1_out_22_ce0       |  out|    1|   ap_memory|                                              pool1_out_22|         array|
|pool1_out_22_we0       |  out|    1|   ap_memory|                                              pool1_out_22|         array|
|pool1_out_22_d0        |  out|   16|   ap_memory|                                              pool1_out_22|         array|
|pool1_out_23_address0  |  out|    6|   ap_memory|                                              pool1_out_23|         array|
|pool1_out_23_ce0       |  out|    1|   ap_memory|                                              pool1_out_23|         array|
|pool1_out_23_we0       |  out|    1|   ap_memory|                                              pool1_out_23|         array|
|pool1_out_23_d0        |  out|   16|   ap_memory|                                              pool1_out_23|         array|
|pool1_out_24_address0  |  out|    6|   ap_memory|                                              pool1_out_24|         array|
|pool1_out_24_ce0       |  out|    1|   ap_memory|                                              pool1_out_24|         array|
|pool1_out_24_we0       |  out|    1|   ap_memory|                                              pool1_out_24|         array|
|pool1_out_24_d0        |  out|   16|   ap_memory|                                              pool1_out_24|         array|
|pool1_out_25_address0  |  out|    6|   ap_memory|                                              pool1_out_25|         array|
|pool1_out_25_ce0       |  out|    1|   ap_memory|                                              pool1_out_25|         array|
|pool1_out_25_we0       |  out|    1|   ap_memory|                                              pool1_out_25|         array|
|pool1_out_25_d0        |  out|   16|   ap_memory|                                              pool1_out_25|         array|
|pool1_out_26_address0  |  out|    6|   ap_memory|                                              pool1_out_26|         array|
|pool1_out_26_ce0       |  out|    1|   ap_memory|                                              pool1_out_26|         array|
|pool1_out_26_we0       |  out|    1|   ap_memory|                                              pool1_out_26|         array|
|pool1_out_26_d0        |  out|   16|   ap_memory|                                              pool1_out_26|         array|
|pool1_out_27_address0  |  out|    6|   ap_memory|                                              pool1_out_27|         array|
|pool1_out_27_ce0       |  out|    1|   ap_memory|                                              pool1_out_27|         array|
|pool1_out_27_we0       |  out|    1|   ap_memory|                                              pool1_out_27|         array|
|pool1_out_27_d0        |  out|   16|   ap_memory|                                              pool1_out_27|         array|
|pool1_out_28_address0  |  out|    6|   ap_memory|                                              pool1_out_28|         array|
|pool1_out_28_ce0       |  out|    1|   ap_memory|                                              pool1_out_28|         array|
|pool1_out_28_we0       |  out|    1|   ap_memory|                                              pool1_out_28|         array|
|pool1_out_28_d0        |  out|   16|   ap_memory|                                              pool1_out_28|         array|
|pool1_out_29_address0  |  out|    6|   ap_memory|                                              pool1_out_29|         array|
|pool1_out_29_ce0       |  out|    1|   ap_memory|                                              pool1_out_29|         array|
|pool1_out_29_we0       |  out|    1|   ap_memory|                                              pool1_out_29|         array|
|pool1_out_29_d0        |  out|   16|   ap_memory|                                              pool1_out_29|         array|
|pool1_out_30_address0  |  out|    6|   ap_memory|                                              pool1_out_30|         array|
|pool1_out_30_ce0       |  out|    1|   ap_memory|                                              pool1_out_30|         array|
|pool1_out_30_we0       |  out|    1|   ap_memory|                                              pool1_out_30|         array|
|pool1_out_30_d0        |  out|   16|   ap_memory|                                              pool1_out_30|         array|
|pool1_out_31_address0  |  out|    6|   ap_memory|                                              pool1_out_31|         array|
|pool1_out_31_ce0       |  out|    1|   ap_memory|                                              pool1_out_31|         array|
|pool1_out_31_we0       |  out|    1|   ap_memory|                                              pool1_out_31|         array|
|pool1_out_31_d0        |  out|   16|   ap_memory|                                              pool1_out_31|         array|
|conv1_out_address0     |  out|   12|   ap_memory|                                                 conv1_out|         array|
|conv1_out_ce0          |  out|    1|   ap_memory|                                                 conv1_out|         array|
|conv1_out_q0           |   in|   16|   ap_memory|                                                 conv1_out|         array|
|conv1_out_address1     |  out|   12|   ap_memory|                                                 conv1_out|         array|
|conv1_out_ce1          |  out|    1|   ap_memory|                                                 conv1_out|         array|
|conv1_out_q1           |   in|   16|   ap_memory|                                                 conv1_out|         array|
+-----------------------+-----+-----+------------+----------------------------------------------------------+--------------+

