

================================================================
== Vitis HLS Report for 'cnn_gesture_top_Pipeline_VITIS_LOOP_178_2'
================================================================
* Date:           Mon Feb 23 23:23:58 2026

* Version:        2025.2 (Build 6295257 on Nov 12 2025)
* Project:        cnn_gesture_top
* Solution:       hls (Vivado IP Flow Target)
* Product family: zynquplus
* Target device:  xczu3eg-sbva484-2-i


================================================================
== Performance Estimates
================================================================
+ Timing: 
    * Summary: 
    +--------+----------+----------+------------+
    |  Clock |  Target  | Estimated| Uncertainty|
    +--------+----------+----------+------------+
    |ap_clk  |  10.00 ns|  6.652 ns|     2.70 ns|
    +--------+----------+----------+------------+

+ Latency: 
    * Summary: 
    +---------+---------+----------+----------+-----+-----+-------------------+
    |  Latency (cycles) |  Latency (absolute) |  Interval |      Pipeline     |
    |   min   |   max   |    min   |    max   | min | max |        Type       |
    +---------+---------+----------+----------+-----+-----+-------------------+
    |      135|      135|  1.350 us|  1.350 us|    0|    0|  loop pipeline stp|
    +---------+---------+----------+----------+-----+-----+-------------------+

    + Detail: 
        * Instance: 
        N/A

        * Loop: 
        +--------------------+---------+---------+----------+-----------+-----------+------+----------+
        |                    |  Latency (cycles) | Iteration|  Initiation Interval  | Trip |          |
        |      Loop Name     |   min   |   max   |  Latency |  achieved |   target  | Count| Pipelined|
        +--------------------+---------+---------+----------+-----------+-----------+------+----------+
        |- VITIS_LOOP_178_2  |      133|      133|         7|          1|          1|   128|       yes|
        +--------------------+---------+---------+----------+-----------+-----------+------+----------+



================================================================
== Utilization Estimates
================================================================
* Summary: 
+-----------------+---------+-----+--------+-------+-----+
|       Name      | BRAM_18K| DSP |   FF   |  LUT  | URAM|
+-----------------+---------+-----+--------+-------+-----+
|DSP              |        -|    1|       -|      -|    -|
|Expression       |        -|    -|       0|    625|    -|
|FIFO             |        -|    -|       -|      -|    -|
|Instance         |        -|    -|       0|     14|    -|
|Memory           |        2|    -|       0|      0|    -|
|Multiplexer      |        -|    -|       0|     54|    -|
|Register         |        -|    -|     150|     32|    -|
+-----------------+---------+-----+--------+-------+-----+
|Total            |        2|    1|     150|    725|    0|
+-----------------+---------+-----+--------+-------+-----+
|Available        |      432|  360|  141120|  70560|    0|
+-----------------+---------+-----+--------+-------+-----+
|Utilization (%)  |       ~0|   ~0|      ~0|      1|    0|
+-----------------+---------+-----+--------+-------+-----+

+ Detail: 
    * Instance: 
    +---------------------------+----------------------+---------+----+---+----+-----+
    |          Instance         |        Module        | BRAM_18K| DSP| FF| LUT| URAM|
    +---------------------------+----------------------+---------+----+---+----+-----+
    |sparsemux_9_3_16_1_1_U398  |sparsemux_9_3_16_1_1  |        0|   0|  0|  14|    0|
    +---------------------------+----------------------+---------+----+---+----+-----+
    |Total                      |                      |        0|   0|  0|  14|    0|
    +---------------------------+----------------------+---------+----+---+----+-----+

    * DSP: 
    +-------------------------------------+--------------------------------+--------------+
    |               Instance              |             Module             |  Expression  |
    +-------------------------------------+--------------------------------+--------------+
    |mac_muladd_16s_15ns_32s_32_4_1_U399  |mac_muladd_16s_15ns_32s_32_4_1  |  i0 * i1 + i2|
    +-------------------------------------+--------------------------------+--------------+

    * Memory: 
    +-------------------+-----------------------------------------------------------------------+---------+---+----+-----+------+-----+------+-------------+
    |       Memory      |                                 Module                                | BRAM_18K| FF| LUT| URAM| Words| Bits| Banks| W*Bits*Banks|
    +-------------------+-----------------------------------------------------------------------+---------+---+----+-----+------+-----+------+-------------+
    |dense_1_param_0_U  |cnn_gesture_top_Pipeline_VITIS_LOOP_178_2_dense_1_param_0_ROM_AUTO_1R  |        2|  0|   0|    0|   768|   32|     1|        24576|
    +-------------------+-----------------------------------------------------------------------+---------+---+----+-----+------+-----+------+-------------+
    |Total              |                                                                       |        2|  0|   0|    0|   768|   32|     1|        24576|
    +-------------------+-----------------------------------------------------------------------+---------+---+----+-----+------+-----+------+-------------+

    * FIFO: 
    N/A

    * Expression: 
    +--------------------------+----------+----+---+-----+------------+------------+
    |       Variable Name      | Operation| DSP| FF| LUT | Bitwidth P0| Bitwidth P1|
    +--------------------------+----------+----+---+-----+------------+------------+
    |add_ln178_fu_180_p2       |         +|   0|  0|   15|           8|           1|
    |add_ln180_fu_314_p2       |         +|   0|  0|   18|          11|           5|
    |wi_fu_214_p2              |         +|   0|  0|   18|          10|          10|
    |sub_ln180_1_fu_298_p2     |         -|   0|  0|   19|          11|          12|
    |sub_ln180_2_fu_320_p2     |         -|   0|  0|   18|           4|          11|
    |sub_ln180_fu_278_p2       |         -|   0|  0|   61|           1|          54|
    |sub_ln30_fu_208_p2        |         -|   0|  0|   18|          10|          10|
    |and_ln180_1_fu_438_p2     |       and|   0|  0|    2|           1|           1|
    |and_ln180_fu_420_p2       |       and|   0|  0|    2|           1|           1|
    |ashr_ln180_fu_362_p2      |      ashr|   0|  0|  159|          54|          54|
    |icmp_ln178_fu_174_p2      |      icmp|   0|  0|   16|           8|           9|
    |icmp_ln180_1_fu_308_p2    |      icmp|   0|  0|   19|          12|           4|
    |icmp_ln180_2_fu_334_p2    |      icmp|   0|  0|   19|          12|           4|
    |icmp_ln180_3_fu_344_p2    |      icmp|   0|  0|   18|          11|           6|
    |icmp_ln180_4_fu_390_p2    |      icmp|   0|  0|   14|           7|           1|
    |icmp_ln180_fu_292_p2      |      icmp|   0|  0|   70|          63|           1|
    |or_ln180_fu_426_p2        |        or|   0|  0|    2|           1|           1|
    |select_ln180_1_fu_326_p3  |    select|   0|  0|   10|           1|          11|
    |select_ln180_4_fu_350_p3  |    select|   0|  0|    2|           1|           2|
    |select_ln180_fu_284_p3    |    select|   0|  0|   52|           1|          54|
    |storemerge4_i9_fu_454_p6  |    select|   0|  0|   16|           1|          16|
    |storemerge4_i9_fu_454_p8  |    select|   0|  0|   16|           1|          16|
    |shl_ln180_fu_400_p2       |       shl|   0|  0|   35|          16|          16|
    |ap_enable_pp0             |       xor|   0|  0|    2|           1|           2|
    |xor_ln180_1_fu_432_p2     |       xor|   0|  0|    2|           1|           2|
    |xor_ln180_fu_414_p2       |       xor|   0|  0|    2|           1|           2|
    +--------------------------+----------+----+---+-----+------------+------------+
    |Total                     |          |   0|  0|  625|         249|         306|
    +--------------------------+----------+----+---+-----+------------+------------+

    * Multiplexer: 
    +-------------------------+----+-----------+-----+-----------+
    |           Name          | LUT| Input Size| Bits| Total Bits|
    +-------------------------+----+-----------+-----+-----------+
    |ap_done_int              |   9|          2|    1|          2|
    |ap_enable_reg_pp0_iter6  |   9|          2|    1|          2|
    |ap_sig_allocacmp_i_3     |   9|          2|    8|         16|
    |ap_sig_allocacmp_sum_10  |   9|          2|   32|         64|
    |i_fu_100                 |   9|          2|    8|         16|
    |sum_fu_96                |   9|          2|   32|         64|
    +-------------------------+----+-----------+-----+-----------+
    |Total                    |  54|         12|   82|        164|
    +-------------------------+----+-----------+-----+-----------+

    * Register: 
    +----------------------------------+----+----+-----+-----------+
    |               Name               | FF | LUT| Bits| Const Bits|
    +----------------------------------+----+----+-----+-----------+
    |ap_CS_fsm                         |   1|   0|    1|          0|
    |ap_done_reg                       |   1|   0|    1|          0|
    |ap_enable_reg_pp0_iter1           |   1|   0|    1|          0|
    |ap_enable_reg_pp0_iter2           |   1|   0|    1|          0|
    |ap_enable_reg_pp0_iter3           |   1|   0|    1|          0|
    |ap_enable_reg_pp0_iter4           |   1|   0|    1|          0|
    |ap_enable_reg_pp0_iter5           |   1|   0|    1|          0|
    |ap_enable_reg_pp0_iter6           |   1|   0|    1|          0|
    |ap_loop_exit_ready_pp0_iter1_reg  |   1|   0|    1|          0|
    |ap_loop_exit_ready_pp0_iter2_reg  |   1|   0|    1|          0|
    |ap_loop_exit_ready_pp0_iter3_reg  |   1|   0|    1|          0|
    |ap_loop_exit_ready_pp0_iter4_reg  |   1|   0|    1|          0|
    |ap_loop_exit_ready_pp0_iter5_reg  |   1|   0|    1|          0|
    |i_3_reg_520                       |   8|   0|    8|          0|
    |i_3_reg_520_pp0_iter1_reg         |   8|   0|    8|          0|
    |i_fu_100                          |   8|   0|    8|          0|
    |icmp_ln178_reg_525                |   1|   0|    1|          0|
    |storemerge4_i9_reg_539            |  16|   0|   16|          0|
    |sum_fu_96                         |  32|   0|   32|          0|
    |icmp_ln178_reg_525                |  64|  32|    1|          0|
    +----------------------------------+----+----+-----+-----------+
    |Total                             | 150|  32|   87|          0|
    +----------------------------------+----+----+-----+-----------+



================================================================
== Interface
================================================================
* Summary: 
+--------------------+-----+-----+------------+-------------------------------------------+--------------+
|      RTL Ports     | Dir | Bits|  Protocol  |               Source Object               |    C Type    |
+--------------------+-----+-----+------------+-------------------------------------------+--------------+
|ap_clk              |   in|    1|  ap_ctrl_hs|  cnn_gesture_top_Pipeline_VITIS_LOOP_178_2|  return value|
|ap_rst              |   in|    1|  ap_ctrl_hs|  cnn_gesture_top_Pipeline_VITIS_LOOP_178_2|  return value|
|ap_start            |   in|    1|  ap_ctrl_hs|  cnn_gesture_top_Pipeline_VITIS_LOOP_178_2|  return value|
|ap_done             |  out|    1|  ap_ctrl_hs|  cnn_gesture_top_Pipeline_VITIS_LOOP_178_2|  return value|
|ap_idle             |  out|    1|  ap_ctrl_hs|  cnn_gesture_top_Pipeline_VITIS_LOOP_178_2|  return value|
|ap_ready            |  out|    1|  ap_ctrl_hs|  cnn_gesture_top_Pipeline_VITIS_LOOP_178_2|  return value|
|grp_fu_724_p_din0   |  out|   32|  ap_ctrl_hs|  cnn_gesture_top_Pipeline_VITIS_LOOP_178_2|  return value|
|grp_fu_724_p_dout0  |   in|   64|  ap_ctrl_hs|  cnn_gesture_top_Pipeline_VITIS_LOOP_178_2|  return value|
|grp_fu_724_p_ce     |  out|    1|  ap_ctrl_hs|  cnn_gesture_top_Pipeline_VITIS_LOOP_178_2|  return value|
|sext_ln176_2        |   in|   26|     ap_none|                               sext_ln176_2|        scalar|
|zext_ln178          |   in|    3|     ap_none|                                 zext_ln178|        scalar|
|fc1_address0        |  out|    7|   ap_memory|                                        fc1|         array|
|fc1_ce0             |  out|    1|   ap_memory|                                        fc1|         array|
|fc1_q0              |   in|   15|   ap_memory|                                        fc1|         array|
|sum_11_out          |  out|   26|      ap_vld|                                 sum_11_out|       pointer|
|sum_11_out_ap_vld   |  out|    1|      ap_vld|                                 sum_11_out|       pointer|
+--------------------+-----+-----+------------+-------------------------------------------+--------------+

